
> restaurant-menu-summarizer@1.0.0 test
> jest

node.exe : PASS tests/unit/date.test.ts (5.591 s)
At C:\Program Files\nvm\nodejs\npm.ps1:16 char:5
+     & "$basedir/node$exe"  "$basedir/node_modules/npm/bin/npm-cli.js" ...
+     ~~~~~~~~~~~~~~~~~~~~~~~~~~~~~~~~~~~~~~~~~~~~~~~~~~~~~~~~~~~~~~~~~
    + CategoryInfo          : NotSpecified: (PASS tests/unit/date.test.ts (5.5 
   91 s):String) [], RemoteException
    + FullyQualifiedErrorId : NativeCommandError
 
  date.ts - getCzechDayName()
    ÔłÜ should return correct Czech weekday names (19 ms)
    ÔłÜ should throw InvalidDateFormatError for invalid date string (18 ms)
    ÔłÜ should throw InvalidDateFormatError for malformed date (2 ms)
    ÔłÜ should throw InvalidDateFormatError for empty string (12 ms)

  console.log
    [INFO] [CACHE] Invalidated old records | count=0 | todayDate=2025-11-25

      at log (src/utils/logger.ts:44:11)

  console.log
    [SYSTEM] Cache initialized | db=test-cache.db

      at log (src/utils/logger.ts:44:11)

  console.log
    [INFO] [CACHE] Cache miss | date=2025-11-23 | url=https://restaurace.cz

      at log (src/utils/logger.ts:44:11)

  console.log
    [SYSTEM] Cache database closed

      at log (src/utils/logger.ts:44:11)

  console.log
    [INFO] [CACHE] Invalidated old records | count=0 | todayDate=2025-11-25

      at log (src/utils/logger.ts:44:11)

  console.log
    [SYSTEM] Cache initialized | db=test-cache.db

      at log (src/utils/logger.ts:44:11)

  console.log
    [INFO] [CACHE] Saved to cache | date=2025-11-23 | url=https://restaurace.cz

      at log (src/utils/logger.ts:44:11)

  console.log
    [INFO] [LLM] Extraction started | url=https://restaurace.cz

      at log (src/utils/logger.ts:44:11)

  console.log
    [INFO] [CACHE] Cache hit | date=2025-11-23 | url=https://restaurace.cz

      at log (src/utils/logger.ts:44:11)

  console.log
    [INFO] [LLM] Day passed to LLM | day=Pond─Ťl├ş | url=https://restaurace.cz

      at log (src/utils/logger.ts:44:11)

  console.log
    [SYSTEM] Cache database closed

      at log (src/utils/logger.ts:44:11)

  console.log
    [INFO] [LLM] Extraction successful | count=1 | url=https://restaurace.cz

      at log (src/utils/logger.ts:44:11)

  console.log
    [INFO] [LLM] Extraction started | url=https://ceska-restaurace.cz

      at log (src/utils/logger.ts:44:11)

  console.log
    [WARN] [AUTH] API key missing | ip=127.0.0.1 | path=/api/summarize

      at log (src/utils/logger.ts:44:11)

  console.log
    [INFO] [LLM] Day passed to LLM | day=├Üter├Ż | url=https://ceska-restaurace.cz

      at log (src/utils/logger.ts:44:11)

  console.log
    [INFO] [LLM] Extraction successful | count=1 | url=https://ceska-restaurace.cz

      at log (src/utils/logger.ts:44:11)

  console.log
    [INFO] [CACHE] Invalidated old records | count=0 | todayDate=2025-11-25

      at log (src/utils/logger.ts:44:11)

  console.log
    [SYSTEM] Cache initialized | db=test-cache.db

      at log (src/utils/logger.ts:44:11)

  console.log
    [INFO] [CACHE] Saved to cache | date=2025-11-23 | url=https://ceska-restaurace.cz

      at log (src/utils/logger.ts:44:11)

  console.log
    [INFO] [CACHE] Cache hit | date=2025-11-23 | url=https://ceska-restaurace.cz

      at log (src/utils/logger.ts:44:11)

  console.log
    [SYSTEM] Cache database closed

      at log (src/utils/logger.ts:44:11)

  console.log
    [WARN] [AUTH] Invalid API key | ip=127.0.0.1 | path=/api/summarize

      at log (src/utils/logger.ts:44:11)

  console.log
    [ERROR] [AUTH] API_KEY not configured in environment

      at log (src/utils/logger.ts:44:11)

  console.log
    [INFO] [CACHE] Invalidated old records | count=0 | todayDate=2025-11-25

      at log (src/utils/logger.ts:44:11)

  console.log
    [SYSTEM] Cache initialized | db=test-cache.db

      at log (src/utils/logger.ts:44:11)

  console.log
    [INFO] [CACHE] Cache miss | date=2025-11-23 | url=https://neexistujici-restaurace.cz

      at log (src/utils/logger.ts:44:11)

  console.log
    [WARN] [AUTH] API key missing | ip=127.0.0.1 | path=/api/summarize

      at log (src/utils/logger.ts:44:11)

  console.log
    [SYSTEM] Cache database closed

      at log (src/utils/logger.ts:44:11)

  console.log
    [WARN] [AUTH] API key missing | ip=127.0.0.1 | path=/api/summarize

      at log (src/utils/logger.ts:44:11)

  console.log
    [INFO] [LLM] Extraction started | url=https://restaurace.cz

      at log (src/utils/logger.ts:44:11)

  console.log
    [INFO] [LLM] Day passed to LLM | day=─îtvrtek | url=https://restaurace.cz

      at log (src/utils/logger.ts:44:11)

  console.log
    [INFO] [LLM] Extraction successful | count=3 | url=https://restaurace.cz

      at log (src/utils/logger.ts:44:11)

  console.log
    [INFO] [CACHE] Invalidated old records | count=0 | todayDate=2025-11-25

      at log (src/utils/logger.ts:44:11)

  console.log
    [SYSTEM] Cache initialized | db=test-cache.db

      at log (src/utils/logger.ts:44:11)

  console.log
    [INFO] [LLM] Extraction started | url=https://restaurace.cz

      at log (src/utils/logger.ts:44:11)

  console.log
    [INFO] [LLM] Day passed to LLM | day=P├ítek | url=https://restaurace.cz

      at log (src/utils/logger.ts:44:11)

  console.log
    [INFO] [CACHE] Saved to cache | date=2025-11-24 | url=https://restaurace.cz

      at log (src/utils/logger.ts:44:11)

  console.log
    [INFO] [LLM] Extraction successful | count=1 | url=https://restaurace.cz

      at log (src/utils/logger.ts:44:11)

  console.log
    [INFO] [LLM] Extraction started | url=https://restaurace.cz

      at log (src/utils/logger.ts:44:11)

  console.log
    [INFO] [CACHE] Saved to cache | date=2025-11-25 | url=https://restaurace.cz

      at log (src/utils/logger.ts:44:11)

  console.log
    [INFO] [LLM] Day passed to LLM | day=Sobota | url=https://restaurace.cz

      at log (src/utils/logger.ts:44:11)

  console.log
    [INFO] [CACHE] Cache hit | date=2025-11-24 | url=https://restaurace.cz

      at log (src/utils/logger.ts:44:11)

  console.log
    [ERROR] [LLM] JSON parse failed | url=https://restaurace.cz

      at log (src/utils/logger.ts:44:11)

  console.log
    [INFO] [CACHE] Cache hit | date=2025-11-25 | url=https://restaurace.cz

      at log (src/utils/logger.ts:44:11)

  console.log
    [INFO] [LLM] Extraction started | url=https://restaurace.cz

      at log (src/utils/logger.ts:44:11)

  console.log
    [INFO] [LLM] Day passed to LLM | day=Ned─Ťle | url=https://restaurace.cz

      at log (src/utils/logger.ts:44:11)

  console.log
    [INFO] [CACHE] Invalidated old records | count=1 | todayDate=2025-11-25

      at log (src/utils/logger.ts:44:11)

  console.log
    [ERROR] [LLM] Schema validation failed | reason=Missing or invalid items array

      at log (src/utils/logger.ts:44:11)

  console.log
    [INFO] [CACHE] Cache miss | date=2025-11-24 | url=https://restaurace.cz

      at log (src/utils/logger.ts:44:11)

  console.log
    [INFO] [CACHE] Cache hit | date=2025-11-25 | url=https://restaurace.cz

      at log (src/utils/logger.ts:44:11)

  console.log
    [INFO] [LLM] Extraction started | url=https://restaurace.cz

      at log (src/utils/logger.ts:44:11)

  console.log
    [SYSTEM] Cache database closed

      at log (src/utils/logger.ts:44:11)

  console.log
    [INFO] [LLM] Day passed to LLM | day=Pond─Ťl├ş | url=https://restaurace.cz

      at log (src/utils/logger.ts:44:11)

  console.log
    [INFO] [LLM] Extraction successful | count=2 | url=https://restaurace.cz

      at log (src/utils/logger.ts:44:11)

PASS tests/unit/llm.test.ts (5.924 s)
  LLM Service - Czech Data
    ÔłÜ extractMenu() calls OpenAI with Czech content (147 ms)
    ÔłÜ returns parsed MenuResponse for Czech menu (17 ms)
    ÔłÜ throws if OPENAI_API_KEY missing (47 ms)
    ÔłÜ handles Czech menu with special characters (16 ms)
    ÔłÜ includes Czech price format in function call (10 ms)
    ÔłÜ throws error for invalid JSON from LLM (11 ms)
    ÔłÜ throws error for invalid schema from LLM (9 ms)
    ÔłÜ normalizes price strings in items (9 ms)

FAIL tests/unit/auth.test.ts (5.91 s)
  Auth Middleware
    ÔłÜ should call next() with valid API key in x-api-key header (20 ms)
    ÔłÜ should call next() with valid API key in Authorization Bearer header 
(3 ms)
    ├Ś should return 401 when API key is missing (105 ms)
    ├Ś should return 401 when API key is invalid (7 ms)
    ├Ś should return 500 when API_KEY is not configured in environment (8 ms)
    ÔłÜ should prefer x-api-key header over Authorization header (2 ms)
    ├Ś should reject Authorization header without Bearer prefix (5 ms)
    ├Ś should reject empty API key (6 ms)

  ÔŚĆ Auth Middleware ÔÇ║ should return 401 when API key is missing

    expect(jest.fn()).not.toHaveBeenCalled()

    Expected number of calls: 0
    Received number of calls: 1

    1: [ApiKeyMissingError: API key is required]

    [0m [90m 65 |[39m     requireApiKey(req [36mas[39m 
[33mRequest[39m[33m,[39m res [36mas[39m [33mResponse[39m[33m,[39m 
next)[33m;[39m
     [90m 66 |[39m
    [31m[1m>[22m[39m[90m 67 |[39m     
expect(next)[33m.[39mnot[33m.[39mtoHaveBeenCalled()[33m;[39m
     [90m    |[39m                      [31m[1m^[22m[39m
     [90m 68 |[39m     
expect(statusMock)[33m.[39mtoHaveBeenCalledWith([35m401[39m)[33m;[39m
     [90m 69 |[39m     expect(jsonMock)[33m.[39mtoHaveBeenCalledWith({
     [90m 70 |[39m       error[33m:[39m 
[32m"restaurantMenuSummarizer/auth/apiKeyMissing"[39m[33m,[39m[0m

      at Object.<anonymous> (tests/unit/auth.test.ts:67:22)

  ÔŚĆ Auth Middleware ÔÇ║ should return 401 when API key is invalid

    expect(jest.fn()).not.toHaveBeenCalled()

    Expected number of calls: 0
    Received number of calls: 1

    1: [UnauthorizedError: Invalid or missing API key]

    [0m [90m 78 |[39m     requireApiKey(req [36mas[39m 
[33mRequest[39m[33m,[39m res [36mas[39m [33mResponse[39m[33m,[39m 
next)[33m;[39m
  console.log
    [INFO] [CACHE] Invalidated old records | count=0 | todayDate=2025-11-25

      at log (src/utils/logger.ts:44:11)

     [90m 79 |[39m
    [31m[1m>[22m[39m[90m 80 |[39m     
expect(next)[33m.[39mnot[33m.[39mtoHaveBeenCalled()[33m;[39m
     [90m    |[39m                      [31m[1m^[22m[39m
     [90m 81 |[39m     
expect(statusMock)[33m.[39mtoHaveBeenCalledWith([35m401[39m)[33m;[39m
     [90m 82 |[39m     expect(jsonMock)[33m.[39mtoHaveBeenCalledWith({
     [90m 83 |[39m       error[33m:[39m 
[32m"restaurantMenuSummarizer/auth/unauthorized"[39m[33m,[39m[0m

      at Object.<anonymous> (tests/unit/auth.test.ts:80:22)

  ÔŚĆ Auth Middleware ÔÇ║ should return 500 when API_KEY is not configured in 
environment

    expect(jest.fn()).not.toHaveBeenCalled()

    Expected number of calls: 0
    Received number of calls: 1

    1: [Error: API key not configured on server]

    [0m [90m 92 |[39m     requireApiKey(req [36mas[39m 
[33mRequest[39m[33m,[39m res [36mas[39m [33mResponse[39m[33m,[39m 
next)[33m;[39m
     [90m 93 |[39m
    [31m[1m>[22m[39m[90m 94 |[39m     
expect(next)[33m.[39mnot[33m.[39mtoHaveBeenCalled()[33m;[39m
     [90m    |[39m                      [31m[1m^[22m[39m
     [90m 95 |[39m     
expect(statusMock)[33m.[39mtoHaveBeenCalledWith([35m500[39m)[33m;[39m
     [90m 96 |[39m     expect(jsonMock)[33m.[39mtoHaveBeenCalledWith({
     [90m 97 |[39m       error[33m:[39m 
[32m"INTERNAL_ERROR"[39m[33m,[39m[0m

      at Object.<anonymous> (tests/unit/auth.test.ts:94:22)

  ÔŚĆ Auth Middleware ÔÇ║ should reject Authorization header without Bearer 
prefix

    expect(jest.fn()).not.toHaveBeenCalled()

    Expected number of calls: 0
    Received number of calls: 1

    1: [ApiKeyMissingError: API key is required]

    [0m [90m 117 |[39m     requireApiKey(req [36mas[39m 
[33mRequest[39m[33m,[39m res [36mas[39m [33mResponse[39m[33m,[39m 
next)[33m;[39m
     [90m 118 |[39m
    [31m[1m>[22m[39m[90m 119 |[39m     
expect(next)[33m.[39mnot[33m.[39mtoHaveBeenCalled()[33m;[39m
     [90m     |[39m                      [31m[1m^[22m[39m
     [90m 120 |[39m     
expect(statusMock)[33m.[39mtoHaveBeenCalledWith([35m401[39m)[33m;[39m
     [90m 121 |[39m   })[33m;[39m
     [90m 122 |[39m[0m

      at Object.<anonymous> (tests/unit/auth.test.ts:119:22)

  ÔŚĆ Auth Middleware ÔÇ║ should reject empty API key

    expect(jest.fn()).not.toHaveBeenCalled()

    Expected number of calls: 0
    Received number of calls: 1

    1: [ApiKeyMissingError: API key is required]

    [0m [90m 126 |[39m     requireApiKey(req [36mas[39m 
[33mRequest[39m[33m,[39m res [36mas[39m [33mResponse[39m[33m,[39m 
next)[33m;[39m
     [90m 127 |[39m
    [31m[1m>[22m[39m[90m 128 |[39m     
expect(next)[33m.[39mnot[33m.[39mtoHaveBeenCalled()[33m;[39m
     [90m     |[39m                      [31m[1m^[22m[39m
     [90m 129 |[39m     
expect(statusMock)[33m.[39mtoHaveBeenCalledWith([35m401[39m)[33m;[39m
     [90m 130 |[39m   })[33m;[39m
     [90m 131 |[39m })[33m;[39m[0m

      at Object.<anonymous> (tests/unit/auth.test.ts:128:22)

  console.log
    [SYSTEM] Cache initialized | db=test-cache.db

      at log (src/utils/logger.ts:44:11)

  console.log
    [INFO] [CACHE] Saved to cache | date=2025-11-24 | url=https://restaurace.cz

      at log (src/utils/logger.ts:44:11)

  console.log
    [INFO] [CACHE] Cache miss | date=2025-11-25 | url=https://restaurace.cz

      at log (src/utils/logger.ts:44:11)

  console.log
    [INFO] [CACHE] Cache hit | date=2025-11-24 | url=https://restaurace.cz

      at log (src/utils/logger.ts:44:11)

  console.log
    [SYSTEM] Cache database closed

      at log (src/utils/logger.ts:44:11)

  console.log
    [INFO] [CACHE] Invalidated old records | count=0 | todayDate=2025-11-25

      at log (src/utils/logger.ts:44:11)

  console.log
    [SYSTEM] Cache initialized | db=test-cache.db

      at log (src/utils/logger.ts:44:11)

  console.log
    [INFO] [CACHE] Saved to cache | date=2025-11-23 | url=https://restaurace.cz

      at log (src/utils/logger.ts:44:11)

  console.log
    [INFO] [CACHE] Saved to cache | date=2025-11-24 | url=https://restaurace.cz

      at log (src/utils/logger.ts:44:11)

  console.log
    [INFO] [CACHE] Cache hit | date=2025-11-23 | url=https://restaurace.cz

      at log (src/utils/logger.ts:44:11)

  console.log
    [INFO] [CACHE] Cache hit | date=2025-11-24 | url=https://restaurace.cz

      at log (src/utils/logger.ts:44:11)

  console.log
    [SYSTEM] Cache database closed

      at log (src/utils/logger.ts:44:11)

  console.log
    [INFO] [CACHE] Invalidated old records | count=0 | todayDate=2025-11-25

      at log (src/utils/logger.ts:44:11)

  console.log
    [SYSTEM] Cache initialized | db=test-cache.db

      at log (src/utils/logger.ts:44:11)

  console.log
    [INFO] [CACHE] Saved to cache | date=2025-11-23 | url=https://restaurace-u-fleku.cz

      at log (src/utils/logger.ts:44:11)

  console.log
    [INFO] [CACHE] Saved to cache | date=2025-11-23 | url=https://hospoda-na-rohu.cz

      at log (src/utils/logger.ts:44:11)

  console.log
    [INFO] [CACHE] Cache hit | date=2025-11-23 | url=https://restaurace-u-fleku.cz

      at log (src/utils/logger.ts:44:11)

  console.log
    [INFO] [CACHE] Cache hit | date=2025-11-23 | url=https://hospoda-na-rohu.cz

      at log (src/utils/logger.ts:44:11)

  console.log
    [SYSTEM] Cache database closed

      at log (src/utils/logger.ts:44:11)

  console.log
    [INFO] [CACHE] Invalidated old records | count=0 | todayDate=2025-11-25

      at log (src/utils/logger.ts:44:11)

  console.log
    [SYSTEM] Cache initialized | db=test-cache.db

      at log (src/utils/logger.ts:44:11)

  console.log
    [WARN] [CACHE] Corrupted cache entry detected, deleting | date=2025-11-23 | url=https://restaurace.cz

      at log (src/utils/logger.ts:44:11)

  console.log
    [SYSTEM] Cache database closed

      at log (src/utils/logger.ts:44:11)

PASS tests/unit/cache.test.ts (6.098 s)
  Cache Service - Czech Data
    ÔłÜ init() creates the database and table (160 ms)
    ÔłÜ saveMenuToCache() inserts Czech menu data (41 ms)
    ÔłÜ getCachedMenu() returns inserted Czech data (39 ms)
    ÔłÜ getCachedMenu() returns null for missing data (24 ms)
    ÔłÜ invalidateOldRecords() deletes entries with date < today (56 ms)
    ÔłÜ getCachedMenu() does NOT return yesterday's menu when requesting today 
(35 ms)
    ÔłÜ menus for different dates are stored separately (52 ms)
    ÔłÜ caches multiple Czech restaurants separately (45 ms)
    ÔłÜ auto-heals corrupted JSON in cache (40 ms)

  console.log
    [INFO] [SCRAPER] Fetch started | url=https://restaurace.cz

      at log (src/utils/logger.ts:44:11)

  console.log
    [INFO] [SCRAPER] Fetch successful | size=68 | url=https://restaurace.cz

      at log (src/utils/logger.ts:44:11)

  console.log
    [INFO] [SCRAPER] Fetch started | url=https://restaurace.cz

      at log (src/utils/logger.ts:44:11)

  console.log
    [ERROR] [SCRAPER] Unexpected error | url=https://restaurace.cz

      at log (src/utils/logger.ts:44:11)

  console.log
    [INFO] [SCRAPER] Fetch started | url=https://restaurace.cz

      at log (src/utils/logger.ts:44:11)

  console.log
    [WARN] [SCRAPER] Empty HTML response | url=https://restaurace.cz

      at log (src/utils/logger.ts:44:11)

  console.log
    [INFO] [SCRAPER] Fetch started | url=https://restaurace.cz

      at log (src/utils/logger.ts:44:11)

  console.log
    [INFO] [SCRAPER] Fetch successful | size=309 | url=https://restaurace.cz

      at log (src/utils/logger.ts:44:11)

PASS tests/unit/scraper.test.ts (6.369 s)
  Scraper Service - Czech Data
    ÔłÜ should return html and text for a simple Czech HTML page (108 ms)
    ÔłÜ should throw an error if axios fails (16 ms)
    ÔłÜ should throw if HTML is empty (4 ms)
    ÔłÜ should extract Czech menu items correctly (8 ms)

  console.log
    [INFO] [CACHE] Invalidated old records | count=0 | todayDate=2025-11-25

      at log (src/utils/logger.ts:44:11)

  console.log
    [SYSTEM] Cache initialized | db=test-menu-service.db

      at log (src/utils/logger.ts:44:11)

  console.log
    [INFO] [SUMMARIZE] Day extracted from date | date=2025-11-24 | day=Pond─Ťl├ş

      at log (src/utils/logger.ts:44:11)

  console.log
    [INFO] [CACHE] Cache miss | date=2025-11-24 | url=https://test-restaurace.cz

      at log (src/utils/logger.ts:44:11)

  console.log
    [INFO] [SUMMARIZE] Scraper started | url=https://test-restaurace.cz

      at log (src/utils/logger.ts:44:11)

  console.log
    [INFO] [SUMMARIZE] LLM extraction started | url=https://test-restaurace.cz

      at log (src/utils/logger.ts:44:11)

  console.log
    [INFO] [CACHE] Saved to cache | date=2025-11-24 | url=https://test-restaurace.cz

      at log (src/utils/logger.ts:44:11)

  console.log
    [INFO] [SUMMARIZE] Request successful | date=2025-11-24 | items=2 | url=https://test-restaurace.cz

      at log (src/utils/logger.ts:44:11)

  console.log
    [INFO] [SUMMARIZE] Day extracted from date | date=2025-11-24 | day=Pond─Ťl├ş

      at log (src/utils/logger.ts:44:11)

  console.log
    [INFO] [CACHE] Cache miss | date=2025-11-24 | url=https://test-restaurace-prefs.cz

      at log (src/utils/logger.ts:44:11)

  console.log
    [INFO] [SUMMARIZE] Scraper started | url=https://test-restaurace-prefs.cz

      at log (src/utils/logger.ts:44:11)

  console.log
    [INFO] [SUMMARIZE] LLM extraction started | url=https://test-restaurace-prefs.cz

      at log (src/utils/logger.ts:44:11)

  console.log
    [INFO] [CACHE] Saved to cache | date=2025-11-24 | url=https://test-restaurace-prefs.cz

      at log (src/utils/logger.ts:44:11)

  console.log
    [INFO] [SUMMARIZE] Request successful | date=2025-11-24 | items=1 | url=https://test-restaurace-prefs.cz

      at log (src/utils/logger.ts:44:11)

  console.log
    [INFO] [SUMMARIZE] Day extracted from date | date=2025-11-24 | day=Pond─Ťl├ş

      at log (src/utils/logger.ts:44:11)

  console.log
    [INFO] [CACHE] Cache miss | date=2025-11-24 | url=https://alacarte-only.cz

      at log (src/utils/logger.ts:44:11)

  console.log
    [INFO] [SUMMARIZE] Scraper started | url=https://alacarte-only.cz

      at log (src/utils/logger.ts:44:11)

  console.log
    [INFO] [SUMMARIZE] No daily menu found on page (only regular menu) | reason=No daily menu indicators found in text | url=https://alacarte-only.cz

      at log (src/utils/logger.ts:44:11)

  console.log
    [INFO] [CACHE] Saved to cache | date=2025-11-24 | url=https://alacarte-only.cz

      at log (src/utils/logger.ts:44:11)

  console.log
    [SYSTEM] Cache database closed

      at log (src/utils/logger.ts:44:11)

PASS tests/unit/menu.service.test.ts (6.897 s)
  MenuService
    hasDailyMenuIndicators()
      ÔłÜ returns true for page with 'denn├ş menu' keyword and weekday (9 ms)
      ÔłÜ returns true for page with 'poledn├ş menu' keyword and date pattern 
(1 ms)
      ÔłÜ returns true for page with 't├Żdenn├ş menu' and multiple prices (2 
ms)
      ÔłÜ returns true for page with soup + main dish keywords (1 ms)
      ÔłÜ returns false when no daily menu keyword present (1 ms)
      ÔłÜ returns false for navigation-only page (Tlust├í Kachna scenario) (1 
ms)
      ÔłÜ returns false when keyword present but no strong signal (1 ms)
    isMostlyNavigation()
      ÔłÜ returns true when 3+ navigation keywords present
      ÔłÜ returns false when less than 3 navigation keywords
      ÔłÜ returns false for actual menu content
    hasStrongDailySignal()
      ÔłÜ returns true when weekday present
      ÔłÜ returns true when date pattern present (1 ms)
      ÔłÜ returns true when 2+ valid prices (60-200 K─Ź) (1 ms)
      ÔłÜ returns true when soup + main dish keywords present
      ÔłÜ returns false when no strong signals
      ÔłÜ returns false when prices are outside daily menu range (1 ms)
    applyPreferencesFilter()
      ÔłÜ filters items by price (1 ms)
      ÔłÜ filters items by allergens
      ÔłÜ keeps items with null allergens when filtering by allergens (1 ms)
      ÔłÜ filters by both price and allergens (1 ms)
      ÔłÜ excludes items with missing price when price filter is set
      ÔłÜ returns all items when no preferences provided (1 ms)
    calculateRecommendedMeal()
      ÔłÜ returns first item name from filtered list (1 ms)
      ÔłÜ returns null when filtered list is empty (1 ms)
    summarize() - integration
      ÔłÜ returns menu with extracted data (35 ms)
      ÔłÜ applies preferences filter when provided (16 ms)
      ÔłÜ returns no_daily_menu status when pre-check fails (14 ms)
      ÔłÜ throws validation error for invalid URL (27 ms)
      ÔłÜ throws validation error for invalid date (2 ms)

  console.log
    [INFO] [CACHE] Invalidated old records | count=0 | todayDate=2025-11-25

      at log (src/utils/logger.ts:44:11)

  console.log
    [SYSTEM] Cache initialized | db=test-cache.db

      at log (src/utils/logger.ts:44:11)

  console.log
    [INFO] [SUMMARIZE] Day extracted from date | date=2025-11-23 | day=Ned─Ťle

      at log (src/utils/logger.ts:44:11)

  console.log
    [INFO] [CACHE] Cache miss | date=2025-11-23 | url=https://restaurace-praha.cz

      at log (src/utils/logger.ts:44:11)

  console.log
    [INFO] [SUMMARIZE] Scraper started | url=https://restaurace-praha.cz

      at log (src/utils/logger.ts:44:11)

  console.log
    [INFO] [SUMMARIZE] LLM extraction started | url=https://restaurace-praha.cz

      at log (src/utils/logger.ts:44:11)

  console.log
    [INFO] [CACHE] Saved to cache | date=2025-11-23 | url=https://restaurace-praha.cz

      at log (src/utils/logger.ts:44:11)

  console.log
    [INFO] [SUMMARIZE] Request successful | date=2025-11-23 | items=1 | url=https://restaurace-praha.cz

      at log (src/utils/logger.ts:44:11)

  console.log
    [INFO] [SUMMARIZE] Day extracted from date | date=2025-11-23 | day=Ned─Ťle

      at log (src/utils/logger.ts:44:11)

  console.log
    [INFO] [CACHE] Cache miss | date=2025-11-23 | url=https://ceska-hospoda.cz

      at log (src/utils/logger.ts:44:11)

  console.log
    [INFO] [SUMMARIZE] Scraper started | url=https://ceska-hospoda.cz

      at log (src/utils/logger.ts:44:11)

  console.log
    [INFO] [SUMMARIZE] LLM extraction started | url=https://ceska-hospoda.cz

      at log (src/utils/logger.ts:44:11)

  console.log
    [INFO] [CACHE] Saved to cache | date=2025-11-23 | url=https://ceska-hospoda.cz

      at log (src/utils/logger.ts:44:11)

  console.log
    [INFO] [SUMMARIZE] Request successful | date=2025-11-23 | items=2 | url=https://ceska-hospoda.cz

      at log (src/utils/logger.ts:44:11)

  console.log
    [INFO] [CACHE] Cache hit | date=2025-11-23 | url=https://ceska-hospoda.cz

      at log (src/utils/logger.ts:44:11)

  console.log
    [INFO] [SUMMARIZE] Day extracted from date | date=2025-11-23 | day=Ned─Ťle

      at log (src/utils/logger.ts:44:11)

  console.log
    [INFO] [CACHE] Cache miss | date=2025-11-23 | url=https://restaurant-u-fleku.cz

      at log (src/utils/logger.ts:44:11)

  console.log
    [INFO] [SUMMARIZE] Scraper started | url=https://restaurant-u-fleku.cz

      at log (src/utils/logger.ts:44:11)

  console.log
    [INFO] [SUMMARIZE] LLM extraction started | url=https://restaurant-u-fleku.cz

      at log (src/utils/logger.ts:44:11)

  console.log
    [INFO] [CACHE] Saved to cache | date=2025-11-23 | url=https://restaurant-u-fleku.cz

      at log (src/utils/logger.ts:44:11)

  console.log
    [INFO] [SUMMARIZE] Request successful | date=2025-11-23 | items=1 | url=https://restaurant-u-fleku.cz

      at log (src/utils/logger.ts:44:11)

  console.log
    [INFO] [SUMMARIZE] Day extracted from date | date=2025-11-23 | day=Ned─Ťle

      at log (src/utils/logger.ts:44:11)

  console.log
    [INFO] [CACHE] Cache hit | date=2025-11-23 | url=https://restaurant-u-fleku.cz

      at log (src/utils/logger.ts:44:11)

  console.log
    [INFO] [SUMMARIZE] Cache hit | date=2025-11-23 | url=https://restaurant-u-fleku.cz

      at log (src/utils/logger.ts:44:11)

  console.log
    [INFO] [SUMMARIZE] Day extracted from date | date=2025-11-23 | day=Ned─Ťle

      at log (src/utils/logger.ts:44:11)

  console.log
    [INFO] [CACHE] Cache miss | date=2025-11-23 | url=https://hospoda-na-rohu.cz

      at log (src/utils/logger.ts:44:11)

  console.log
    [INFO] [SUMMARIZE] Scraper started | url=https://hospoda-na-rohu.cz

      at log (src/utils/logger.ts:44:11)

  console.log
    [INFO] [SUMMARIZE] LLM extraction started | url=https://hospoda-na-rohu.cz

      at log (src/utils/logger.ts:44:11)

  console.log
    [INFO] [CACHE] Saved to cache | date=2025-11-23 | url=https://hospoda-na-rohu.cz

      at log (src/utils/logger.ts:44:11)

  console.log
    [INFO] [SUMMARIZE] Request successful | date=2025-11-23 | items=1 | url=https://hospoda-na-rohu.cz

      at log (src/utils/logger.ts:44:11)

  console.log
    [INFO] [SUMMARIZE] Day extracted from date | date=2025-11-23 | day=Ned─Ťle

      at log (src/utils/logger.ts:44:11)

  console.log
    [INFO] [CACHE] Cache miss | date=2025-11-23 | url=https://restaurace-u-krale.cz

      at log (src/utils/logger.ts:44:11)

  console.log
    [INFO] [SUMMARIZE] Scraper started | url=https://restaurace-u-krale.cz

      at log (src/utils/logger.ts:44:11)

  console.log
    [INFO] [SUMMARIZE] LLM extraction started | url=https://restaurace-u-krale.cz

      at log (src/utils/logger.ts:44:11)

  console.log
    [INFO] [CACHE] Saved to cache | date=2025-11-23 | url=https://restaurace-u-krale.cz

      at log (src/utils/logger.ts:44:11)

  console.log
    [INFO] [SUMMARIZE] Request successful | date=2025-11-23 | items=1 | url=https://restaurace-u-krale.cz

      at log (src/utils/logger.ts:44:11)

  console.log
    [INFO] [SUMMARIZE] Day extracted from date | date=2025-11-23 | day=Ned─Ťle

      at log (src/utils/logger.ts:44:11)

  console.log
    [INFO] [CACHE] Cache miss | date=2025-11-23 | url=https://neexistuje.cz

      at log (src/utils/logger.ts:44:11)

  console.log
    [INFO] [SUMMARIZE] Scraper started | url=https://neexistuje.cz

      at log (src/utils/logger.ts:44:11)

  console.log
    [INFO] [SUMMARIZE] Day extracted from date | date=2025-11-23 | day=Ned─Ťle

      at log (src/utils/logger.ts:44:11)

  console.log
    [INFO] [CACHE] Cache miss | date=2025-11-23 | url=http://restaurace.cz

      at log (src/utils/logger.ts:44:11)

  console.log
    [INFO] [SUMMARIZE] Scraper started | url=http://restaurace.cz

      at log (src/utils/logger.ts:44:11)

  console.log
    [INFO] [SUMMARIZE] LLM extraction started | url=http://restaurace.cz

      at log (src/utils/logger.ts:44:11)

  console.log
    [INFO] [CACHE] Saved to cache | date=2025-11-23 | url=http://restaurace.cz

      at log (src/utils/logger.ts:44:11)

  console.log
    [INFO] [SUMMARIZE] Request successful | date=2025-11-23 | items=1 | url=http://restaurace.cz

      at log (src/utils/logger.ts:44:11)

  console.log
    [INFO] [SUMMARIZE] Day extracted from date | date=2025-11-23 | day=Ned─Ťle

      at log (src/utils/logger.ts:44:11)

  console.log
    [INFO] [CACHE] Cache miss | date=2025-11-23 | url=https://secure-restaurace.cz

      at log (src/utils/logger.ts:44:11)

  console.log
    [INFO] [SUMMARIZE] Scraper started | url=https://secure-restaurace.cz

      at log (src/utils/logger.ts:44:11)

  console.log
    [INFO] [SUMMARIZE] LLM extraction started | url=https://secure-restaurace.cz

      at log (src/utils/logger.ts:44:11)

  console.log
    [INFO] [CACHE] Saved to cache | date=2025-11-23 | url=https://secure-restaurace.cz

      at log (src/utils/logger.ts:44:11)

  console.log
    [INFO] [SUMMARIZE] Request successful | date=2025-11-23 | items=1 | url=https://secure-restaurace.cz

      at log (src/utils/logger.ts:44:11)

  console.log
    [INFO] [SUMMARIZE] Day extracted from date | date=2025-11-23 | day=Ned─Ťle

      at log (src/utils/logger.ts:44:11)

  console.log
    [INFO] [CACHE] Cache miss | date=2025-11-23 | url=https://restaurace.cz

      at log (src/utils/logger.ts:44:11)

  console.log
    [INFO] [SUMMARIZE] Scraper started | url=https://restaurace.cz

      at log (src/utils/logger.ts:44:11)

  console.log
    [INFO] [SUMMARIZE] LLM extraction started | url=https://restaurace.cz

      at log (src/utils/logger.ts:44:11)

  console.log
    [INFO] [CACHE] Saved to cache | date=2025-11-23 | url=https://restaurace.cz

      at log (src/utils/logger.ts:44:11)

  console.log
    [INFO] [SUMMARIZE] Request successful | date=2025-11-23 | items=2 | url=https://restaurace.cz

      at log (src/utils/logger.ts:44:11)

  console.log
    [INFO] [SUMMARIZE] Day extracted from date | date=2025-11-23 | day=Ned─Ťle

      at log (src/utils/logger.ts:44:11)

  console.log
    [INFO] [CACHE] Cache miss | date=2025-11-23 | url=https://no-prefs-restaurace.cz

      at log (src/utils/logger.ts:44:11)

  console.log
    [INFO] [SUMMARIZE] Scraper started | url=https://no-prefs-restaurace.cz

      at log (src/utils/logger.ts:44:11)

  console.log
    [INFO] [SUMMARIZE] LLM extraction started | url=https://no-prefs-restaurace.cz

      at log (src/utils/logger.ts:44:11)

  console.log
    [INFO] [CACHE] Saved to cache | date=2025-11-23 | url=https://no-prefs-restaurace.cz

      at log (src/utils/logger.ts:44:11)

  console.log
    [INFO] [SUMMARIZE] Request successful | date=2025-11-23 | items=1 | url=https://no-prefs-restaurace.cz

      at log (src/utils/logger.ts:44:11)

  console.log
    [INFO] [SUMMARIZE] Day extracted from date | date=2025-11-23 | day=Ned─Ťle

      at log (src/utils/logger.ts:44:11)

  console.log
    [INFO] [CACHE] Cache miss | date=2025-11-23 | url=https://price-test-restaurace.cz

      at log (src/utils/logger.ts:44:11)

  console.log
    [INFO] [SUMMARIZE] Scraper started | url=https://price-test-restaurace.cz

      at log (src/utils/logger.ts:44:11)

  console.log
    [INFO] [SUMMARIZE] LLM extraction started | url=https://price-test-restaurace.cz

      at log (src/utils/logger.ts:44:11)

  console.log
    [INFO] [CACHE] Saved to cache | date=2025-11-23 | url=https://price-test-restaurace.cz

      at log (src/utils/logger.ts:44:11)

  console.log
    [INFO] [SUMMARIZE] Request successful | date=2025-11-23 | items=1 | url=https://price-test-restaurace.cz

      at log (src/utils/logger.ts:44:11)

  console.log
    [WARN] [AUTH] API key missing | ip=::ffff:127.0.0.1 | path=/summarize

      at log (src/utils/logger.ts:44:11)

  console.log
    [WARN] [AUTH] Invalid API key | ip=::ffff:127.0.0.1 | path=/summarize

      at log (src/utils/logger.ts:44:11)

  console.log
    [INFO] [SUMMARIZE] Day extracted from date | date=2025-11-23 | day=Ned─Ťle

      at log (src/utils/logger.ts:44:11)

  console.log
    [INFO] [CACHE] Cache miss | date=2025-11-23 | url=https://auth-test-restaurace.cz

      at log (src/utils/logger.ts:44:11)

  console.log
    [INFO] [SUMMARIZE] Scraper started | url=https://auth-test-restaurace.cz

      at log (src/utils/logger.ts:44:11)

  console.log
    [INFO] [SUMMARIZE] LLM extraction started | url=https://auth-test-restaurace.cz

      at log (src/utils/logger.ts:44:11)

  console.log
    [INFO] [CACHE] Saved to cache | date=2025-11-23 | url=https://auth-test-restaurace.cz

      at log (src/utils/logger.ts:44:11)

  console.log
    [INFO] [SUMMARIZE] Request successful | date=2025-11-23 | items=1 | url=https://auth-test-restaurace.cz

      at log (src/utils/logger.ts:44:11)

  console.log
    [INFO] [SUMMARIZE] Day extracted from date | date=2025-11-23 | day=Ned─Ťle

      at log (src/utils/logger.ts:44:11)

  console.log
    [INFO] [CACHE] Cache miss | date=2025-11-23 | url=https://alacarte-restaurace.cz

      at log (src/utils/logger.ts:44:11)

  console.log
    [INFO] [SUMMARIZE] Scraper started | url=https://alacarte-restaurace.cz

      at log (src/utils/logger.ts:44:11)

  console.log
    [INFO] [SUMMARIZE] No daily menu found on page (only regular menu) | reason=No daily menu indicators found in text | url=https://alacarte-restaurace.cz

      at log (src/utils/logger.ts:44:11)

  console.log
    [INFO] [CACHE] Saved to cache | date=2025-11-23 | url=https://alacarte-restaurace.cz

      at log (src/utils/logger.ts:44:11)

  console.log
    [INFO] [SUMMARIZE] Day extracted from date | date=2025-11-23 | day=Ned─Ťle

      at log (src/utils/logger.ts:44:11)

  console.log
    [INFO] [CACHE] Cache miss | date=2025-11-23 | url=https://no-menu-today.cz

      at log (src/utils/logger.ts:44:11)

  console.log
    [INFO] [SUMMARIZE] Scraper started | url=https://no-menu-today.cz

      at log (src/utils/logger.ts:44:11)

  console.log
    [INFO] [SUMMARIZE] LLM extraction started | url=https://no-menu-today.cz

      at log (src/utils/logger.ts:44:11)

  console.log
    [INFO] [SUMMARIZE] No daily menu found on page (only regular menu) | url=https://no-menu-today.cz

      at log (src/utils/logger.ts:44:11)

  console.log
    [INFO] [CACHE] Saved to cache | date=2025-11-23 | url=https://no-menu-today.cz

      at log (src/utils/logger.ts:44:11)

  console.log
    [INFO] [SUMMARIZE] Request successful | date=2025-11-23 | items=0 | url=https://no-menu-today.cz

      at log (src/utils/logger.ts:44:11)

  console.log
    [INFO] [SUMMARIZE] Day extracted from date | date=2025-11-23 | day=Ned─Ťle

      at log (src/utils/logger.ts:44:11)

  console.log
    [INFO] [CACHE] Cache miss | date=2025-11-23 | url=https://allergen-test.cz

      at log (src/utils/logger.ts:44:11)

  console.log
    [INFO] [SUMMARIZE] Scraper started | url=https://allergen-test.cz

      at log (src/utils/logger.ts:44:11)

  console.log
    [INFO] [SUMMARIZE] LLM extraction started | url=https://allergen-test.cz

      at log (src/utils/logger.ts:44:11)

  console.log
    [INFO] [CACHE] Saved to cache | date=2025-11-23 | url=https://allergen-test.cz

      at log (src/utils/logger.ts:44:11)

  console.log
    [INFO] [SUMMARIZE] Request successful | date=2025-11-23 | items=1 | url=https://allergen-test.cz

      at log (src/utils/logger.ts:44:11)

  console.log
    [SYSTEM] Cache database closed

      at log (src/utils/logger.ts:44:11)

PASS tests/integration/summarize.test.ts (7.678 s)
  Integration: POST /api/summarize - Czech Data
    ÔłÜ returns fresh Czech menu data on first call (105 ms)
    ÔłÜ caches Czech menu result (21 ms)
    ÔłÜ second call returns cached Czech menu (30 ms)
    ÔłÜ validation error when url missing (11 ms)
    ÔłÜ validation error when date has bad format (11 ms)
    ÔłÜ validation error when date is invalid (8 ms)
    ÔłÜ handles multiple Czech restaurants with different menus (46 ms)
    ÔłÜ returns 502 when scraper fails for Czech URL (17 ms)
    ÔłÜ validation error when url does not start with http or https (10 ms)
    ÔłÜ validation error for javascript: URL scheme (11 ms)
    ÔłÜ validation error for URL without protocol (8 ms)
    ÔłÜ accepts both http and https URLs (54 ms)
    ÔłÜ filters menu items by preferences and returns recommendedMeal (47 ms)
    ÔłÜ returns null recommendedMeal when no preferences provided (32 ms)
    ÔłÜ filters items by price only (28 ms)
    ÔłÜ returns 401 when API key is missing (15 ms)
    ÔłÜ returns 401 when API key is invalid (17 ms)
    ÔłÜ accepts valid API key via Authorization Bearer header (31 ms)
    ÔłÜ skips LLM extraction for ├á la carte menu (no daily menu indicators) 
(26 ms)
    ÔłÜ returns no_daily_menu status when LLM extracts empty menu (22 ms)
    ÔłÜ filters items with only allergen preferences (no price) (34 ms)

Test Suites: 1 failed, 6 passed, 7 total
Tests:       5 failed, 78 passed, 83 total
Snapshots:   0 total
Time:        8.599 s, estimated 9 s
Ran all test suites.
